src/utils/micro_prompt_converter.ts(114,30): error TS2554: Expected 1-3 arguments, but got 0.
